I'm sorry, but errors were detected in your script. Please correct the
errors listed below, and try again.


File "game/minigame.rpy", line 49: 'action' is not a keyword argument or valid child of the screen statement.
    action Return()
          ^

Ren'Py Version: Ren'Py 8.3.4.24120703
Sat Jan 25 07:23:00 2025
